"Macros"
"<![CDATA[func main() {\n    fmt.Println(\"hi\")\n}]]>"
"See <ac:structured-macro ac:name=\"jira\"><ac:parameter ac:name=\"key\">PROJ-42</ac:parameter></ac:structured-macro> for details."
"Status: <ac:structured-macro ac:name=\"status\"><ac:parameter ac:name=\"colour\">Green</ac:parameter><ac:parameter ac:name=\"title\">DONE</ac:parameter></ac:structured-macro>"
"Due <time datetime=\"2026-09-01\" /> ship it."
