"Mentions"
"Assigned to <ac:link><ri:user ri:account-id=\"abc123\"/></ac:link> per <ac:link><ri:page ri:content-title=\"Release Plan\"/></ac:link>."
"Also see <ac:link><ri:page ri:content-title=\"Old Title\"/><ac:plain-text-link-body><![CDATA[Custom Link Text]]></ac:plain-text-link-body></ac:link> here."
