"Release plan"
"Owner: <ac:link><ri:user ri:account-id=\"557058:00000000-0000-0000-0000-000000000001\" ri:local-id=\"u-0001\"/></ac:link>, tracked in <ac:structured-macro ac:name=\"jira\" ac:schema-version=\"1\" data-layout=\"default\" ac:local-id=\"j-0001\" ac:macro-id=\"jira-0001\"><ac:parameter ac:name=\"server\">System JIRA</ac:parameter><ac:parameter ac:name=\"serverId\">00000000-0000-0000-0000-000000000000</ac:parameter><ac:parameter ac:name=\"key\">PROJ-123</ac:parameter></ac:structured-macro>."
"We ship <strong>on time</strong> and <em>on budget</em>, see <a href=\"https://example.com/docs?a=1&amp;b=2\">the docs</a> and <code>make app</code>. Статус: <ac:structured-macro ac:name=\"status\" ac:schema-version=\"1\" ac:macro-id=\"status-0001\"><ac:parameter ac:name=\"colour\">Green</ac:parameter><ac:parameter ac:name=\"title\">ON TRACK</ac:parameter></ac:structured-macro> <ac:emoticon ac:name=\"tick\" ac:emoji-shortname=\":check_mark:\" ac:emoji-id=\"2705\" ac:emoji-fallback=\"✅\"/>"
"Reviewed <ac:inline-comment-marker ac:ref=\"c0ffee00-0000-0000-0000-000000000001\">last week</ac:inline-comment-marker> by the team.<br/>Second line."
"Scope"
"Backend <s>draft</s> API"
"Nested with <a href=\"https://example.com/a\">a link</a>"
"Desktop"
"First"
"Second<br/>continued"
"<strong>Area</strong>"
"Owner"
"Sync"
"Ann Lee"
"Синхронизация"
"<![CDATA[if a > b && c < d {\n\treturn \"]]]]><![CDATA[>\"\n}]]>"
"Риски"
"Текст «в кавычках» и&nbsp;неразрывный пробел."
"Right column <time datetime=\"2026-10-01\" /> date."
